// Jest Snapshot v1, https://goo.gl/fbAQLP

exports[`renders 1`] = `
<DocumentFragment>
  <section
    class="section"
  >
    <div
      class="container"
    >
      <div
        class="columns"
      >
        <div
          class="column is-half"
        >
          <br />
          <div>
            <h1
              class="title is-1"
            >
              Users
            </h1>
            <hr />
            <br />
            <form>
              <div
                class="field"
              >
                <label
                  class="label is-large"
                  for="input-username"
                >
                  Username
                </label>
                <input
                  class="input is-large"
                  id="input-username"
                  name="username"
                  placeholder="Enter a username"
                  required=""
                  type="text"
                  value=""
                />
              </div>
              <div
                class="field"
              >
                <label
                  class="label is-large"
                  for="input-email"
                >
                  Email
                </label>
                <input
                  class="input is-large"
                  id="input-email"
                  name="email"
                  placeholder="Enter an email address"
                  required=""
                  type="email"
                  value=""
                />
              </div>
              <input
                class="button is-primary is-large is-fullwidth"
                type="submit"
                value="Submit"
              />
            </form>
            <br />
            <br />
            <div />
          </div>
        </div>
      </div>
    </div>
  </section>
</DocumentFragment>
`;
