// Vitest Snapshot v1, https://vitest.dev/guide/snapshot.html

exports[`renders 1`] = `
<DocumentFragment>
  <div
    class="css-zs4oec"
  >
    <div
      class="chakra-stack css-42ki38"
    >
      <h1
        class="chakra-heading css-1jkx6l7"
      >
        About
      </h1>
      <hr
        aria-orientation="horizontal"
        class="chakra-divider css-svjswr"
      />
      <p
        class="chakra-text content css-i3jkqk"
      >
        Add something relevant here.
      </p>
    </div>
  </div>
  <span
    hidden=""
    id="__chakra_env"
  />
</DocumentFragment>
`;
